     Testing EcoAcoustics
      Status `/tmp/jl_r1mhRx/Project.toml`
  [69666777] Arrow v2.8.1
  [a93c6f00] DataFrames v1.8.2
  [a9c57e2a] EcoAcoustics v1.0.0-DEV `~/dissertation/EcoAcoustics.jl`
  [7a1cc6ca] FFTW v1.10.0
  [abae9e3b] FLAC v0.3.0
  [63c18a36] KernelAbstractions v0.9.41
  [92933f4c] ProgressMeter v1.11.0
⌃ [295af30f] Revise v3.12.1
  [10745b16] Statistics v1.11.1
  [8149f6b0] WAV v1.2.0
  [ade2ca70] Dates v1.11.0
  [56ddb016] Logging v1.11.0
  [8dfed614] Test v1.11.0
      Status `/tmp/jl_r1mhRx/Manifest.toml`
  [621f4979] AbstractFFTs v1.5.0
  [79e6a3ab] Adapt v4.6.0
  [69666777] Arrow v2.8.1
  [31f734f8] ArrowTypes v2.3.0
  [a9b6321e] Atomix v1.1.3
  [c3b6d118] BitIntegers v0.3.7
⌅ [da1fd8a2] CodeTracking v2.0.2
  [5ba52731] CodecLz4 v0.4.6
  [6b39b394] CodecZstd v0.8.7
  [34da2185] Compat v4.18.1
  [807dbc54] Compiler v0.1.1
  [f0e56b4a] ConcurrentUtilities v2.5.1
  [a8cc5b0e] Crayons v4.1.1
  [9a962f9c] DataAPI v1.16.0
  [a93c6f00] DataFrames v1.8.2
  [864edb3b] DataStructures v0.19.4
  [e2d170a0] DataValueInterfaces v1.0.0
  [a9c57e2a] EcoAcoustics v1.0.0-DEV `~/dissertation/EcoAcoustics.jl`
  [4e289a0a] EnumX v1.0.7
  [e2ba6199] ExprTools v0.1.10
  [7a1cc6ca] FFTW v1.10.0
  [abae9e3b] FLAC v0.3.0
⌃ [5789e2e9] FileIO v1.17.1
  [842dd82b] InlineStrings v1.4.5
  [41ab1584] InvertedIndices v1.3.1
  [82899510] IteratorInterfaceExtensions v1.0.0
⌃ [692b3bcd] JLLWrappers v1.7.1
⌃ [aa1ae85d] JuliaInterpreter v0.10.7
  [63c18a36] KernelAbstractions v0.9.41
  [b964fa9f] LaTeXStrings v1.4.0
⌃ [6f1432cf] LoweredCodeUtils v3.4.4
  [1914dd2f] MacroTools v0.5.16
  [e1d29d7a] Missings v1.2.0
  [78c3b35d] Mocking v0.8.1
  [bac558e1] OrderedCollections v1.8.1
  [2dfb63ee] PooledArrays v1.4.3
⌃ [aea7be01] PrecompileTools v1.3.3
⌃ [21216c6a] Preferences v1.5.0
  [08abe8d2] PrettyTables v3.3.2
  [92933f4c] ProgressMeter v1.11.0
  [189a3867] Reexport v1.2.2
  [ae029012] Requires v1.3.1
⌃ [295af30f] Revise v3.12.1
  [6c6a2e73] Scratch v1.3.0
⌃ [91c51154] SentinelArrays v1.4.9
  [a2af1166] SortingAlgorithms v1.2.2
  [90137ffa] StaticArrays v1.9.18
  [1e83bf80] StaticArraysCore v1.4.4
  [10745b16] Statistics v1.11.1
  [892a3eda] StringManipulation v0.4.4
  [354b36f9] StringViews v1.3.7
  [dc5dba14] TZJData v1.5.0+2025b
  [3783bdb8] TableTraits v1.0.1
  [bd369af6] Tables v1.12.1
  [f269a46b] TimeZones v1.22.2
  [3bb67fe8] TranscodingStreams v0.11.3
  [013be700] UnsafeAtomics v0.3.1
  [8149f6b0] WAV v1.2.0
  [f5851436] FFTW_jll v3.3.12+0
⌃ [1d38b3a6] FLAC_jll v1.3.4+2
  [1d5cc7b8] IntelOpenMP_jll v2025.2.0+0
  [5ced341a] Lz4_jll v1.10.1+0
  [856f044c] MKL_jll v2025.2.0+0
  [e7412a2a] Ogg_jll v1.3.6+0
  [3161d3a3] Zstd_jll v1.5.7+1
  [1317d2d5] oneTBB_jll v2022.3.0+0
  [0dad84c5] ArgTools v1.1.2
  [56f22d72] Artifacts v1.11.0
  [2a0f44e3] Base64 v1.11.0
  [ade2ca70] Dates v1.11.0
  [8ba89e20] Distributed v1.11.0
  [f43a241f] Downloads v1.6.0
  [7b1f6079] FileWatching v1.11.0
  [9fa8497b] Future v1.11.0
  [b77e0a4c] InteractiveUtils v1.11.0
  [ac6e5ff7] JuliaSyntaxHighlighting v1.12.0
  [4af54fe1] LazyArtifacts v1.11.0
  [b27032c2] LibCURL v0.6.4
  [76f85450] LibGit2 v1.11.0
  [8f399da3] Libdl v1.11.0
  [37e2e46d] LinearAlgebra v1.12.0
  [56ddb016] Logging v1.11.0
  [d6f4376e] Markdown v1.11.0
  [a63ad114] Mmap v1.11.0
  [ca575930] NetworkOptions v1.3.0
  [44cfe95a] Pkg v1.12.0
  [de0858da] Printf v1.11.0
  [3fa0cd96] REPL v1.11.0
  [9a3f8284] Random v1.11.0
  [ea8e919c] SHA v0.7.0
  [9e88b42a] Serialization v1.11.0
  [6462fe0b] Sockets v1.11.0
  [f489334b] StyledStrings v1.11.0
  [fa267f1f] TOML v1.0.3
  [a4e569a6] Tar v1.10.0
  [8dfed614] Test v1.11.0
  [cf7118a7] UUIDs v1.11.0
  [4ec0a83e] Unicode v1.11.0
  [e66e0078] CompilerSupportLibraries_jll v1.3.0+1
  [deac9b47] LibCURL_jll v8.11.1+1
  [e37daf67] LibGit2_jll v1.9.0+0
  [29816b5a] LibSSH2_jll v1.11.3+1
  [14a3606d] MozillaCACerts_jll v2025.5.20
  [4536629a] OpenBLAS_jll v0.3.29+0
  [458c3c95] OpenSSL_jll v3.5.1+0
  [83775a58] Zlib_jll v1.3.1+2
  [8e850b90] libblastrampoline_jll v5.15.0+0
  [8e850ede] nghttp2_jll v1.64.0+1
  [3f19e933] p7zip_jll v17.5.0+2
        Info Packages marked with ⌃ and ⌅ have new versions available. Those with ⌃ may be upgradable, but those with ⌅ are restricted by compatibility constraints from upgrading.
     Testing Running tests...
┌ Info: LOAD_PATH in test process
│   Base.load_path() =
│    1-element Vector{String}:
└     "/tmp/jl_r1mhRx/Project.toml"
┌ Info: build_index: complete
│   total = 1
│   indexed = 1
└   skipped = 0
┌ Info: build_index: complete
│   total = 1
│   indexed = 1
└   skipped = 0
┌ Info: build_index: complete
│   total = 2
│   indexed = 2
└   skipped = 0
┌ Info: build_index: complete
│   total = 2
│   indexed = 2
└   skipped = 0
┌ Info: build_index: complete
│   total = 1
│   indexed = 1
└   skipped = 0
┌ Info: build_index: complete
│   total = 1
│   indexed = 1
└   skipped = 0
┌ Info: build_index: complete
│   total = 1
│   indexed = 1
└   skipped = 0
┌ Info: build_index: complete
│   total = 1
│   indexed = 1
└   skipped = 0
┌ Info: build_index: complete
│   total = 2
│   indexed = 2
└   skipped = 0
┌ Info: build_index: complete
│   total = 2
│   indexed = 2
└   skipped = 0
┌ Info: MANTA 00:46:00
│   maximum_abs = 0.04995875676071648
│   mean_abs = 0.023997176378271548
└   std = 0.028041089386372797
┌ Info: MANTA 00:47:00
│   maximum_abs = 0.04991490256418274
│   mean_abs = 0.024777108157062556
└   std = 0.02867525856896967
┌ Info: MANTA 18:47:00
│   maximum_abs = 0.049792924942053673
│   mean_abs = 0.024835609769223627
└   std = 0.028423468061183788
Test Summary:   | Pass  Broken  Total   Time
EcoAcoustics.jl |  520       1    521  33.8s
     Testing EcoAcoustics tests passed 
